// Vitest Snapshot v1, https://vitest.dev/guide/snapshot.html

exports[`Loading Component > matches the snapshot 1`] = `
<DocumentFragment>
  <div
    aria-busy="true"
    class="_loaderContainer_55dd7a"
    role="alert"
  >
    <div
      aria-hidden="true"
      class="_spinner_55dd7a"
    />
    <p>
      Loading...
    </p>
  </div>
</DocumentFragment>
`;

exports[`Loading component > matches the snapshot 1`] = `
<DocumentFragment>
  <div
    aria-busy="true"
    class="_loaderContainer_55dd7a"
    role="alert"
  >
    <div
      aria-hidden="true"
      class="_spinner_55dd7a"
    />
    <p>
      Loading...
    </p>
  </div>
</DocumentFragment>
`;
